// Jest Snapshot v1, https://goo.gl/fbAQLP

exports[`Login should render correctly 1`] = `
<div
  className="login"
>
  <Component
    onClick={[MockFunction]}
  >
    Login
  </Component>
</div>
`;
